{
    "api":
    {
        "url":          "https://api.ethplorer.io/",
        "apiKey":       "XXXX",
        "function":     "getLastBlock"
    },
    "server":
    {
        "port":         8080,
        "secretKey":    "R0hklKt1OKiOwCqL3llE"
    }
 }
